
> fin-pulse@0.1.0 build
> next build

  Γû▓ Next.js 14.2.5
  - Environments: .env.local

   Creating an optimized production build ...
node.exe :  ΓÜá Compiled with warnings
At line:1 char:1
+ & "C:\Program Files\nodejs/node.exe" "C:\Program 
Files\nodejs/node_mo ...
+ ~~~~~~~~~~~~~~~~~~~~~~~~~~~~~~~~~~~~~~~~~~~~~~~~~~~~~~~~~~~~~~~~~~
~~~
    + CategoryInfo          : NotSpecified: ( ΓÜá Compiled with war 
   nings:String) [], RemoteException
    + FullyQualifiedErrorId : NativeCommandError
 

./node_modules/require-in-the-middle/index.js
Critical dependency: require function is used in a way in which 
dependencies cannot be statically extracted

Import trace for requested module:
./node_modules/require-in-the-middle/index.js
./node_modules/@opentelemetry/instrumentation/build/esm/platform/nod
e/instrumentation.js
./node_modules/@opentelemetry/instrumentation/build/esm/platform/nod
e/index.js
./node_modules/@opentelemetry/instrumentation/build/esm/platform/ind
ex.js
./node_modules/@opentelemetry/instrumentation/build/esm/index.js
./node_modules/@opentelemetry/sdk-node/build/src/sdk.js
./node_modules/@opentelemetry/sdk-node/build/src/index.js
./node_modules/@genkit-ai/core/lib/tracing/node-telemetry-provider.j
s
./node_modules/@genkit-ai/core/lib/node.js
./node_modules/genkit/lib/common.js
./node_modules/genkit/lib/index.mjs
./src/ai/flows/personalized-offer-recommendations.ts

 Γ£ô Compiled successfully
   Skipping validation of types
   Skipping linting
   Collecting page data ...

> Build error occurred
Error: Page "/dashboard/account/[id]" is missing 
"generateStaticParams()" so it cannot be used with "output: export" 
config.
    at D:\FIN-talk\node_modules\next\dist\build\index.js:1294:59
    at process.processTicksAndRejections 
(node:internal/process/task_queues:105:5)
    at async Span.traceAsyncFn 
(D:\FIN-talk\node_modules\next\dist\trace\trace.js:154:20)
    at async Promise.all (index 4)
    at async 
D:\FIN-talk\node_modules\next\dist\build\index.js:1172:17
    at async Span.traceAsyncFn 
(D:\FIN-talk\node_modules\next\dist\trace\trace.js:154:20)
    at async 
D:\FIN-talk\node_modules\next\dist\build\index.js:1095:124
    at async Span.traceAsyncFn 
(D:\FIN-talk\node_modules\next\dist\trace\trace.js:154:20)
    at async build 
(D:\FIN-talk\node_modules\next\dist\build\index.js:366:9)
